2026-05-21 04:36:23 [2] SERVER -> CLIENT: 220 smtp.gmail.com ESMTP d9443c01a7336-2bd5bd5ef27sm301381565ad.8 - gsmtp

2026-05-21 04:36:23 [1] CLIENT -> SERVER: EHLO localhost

2026-05-21 04:36:23 [2] SERVER -> CLIENT: 250-smtp.gmail.com at your service, [103.113.116.162]
250-SIZE 35882577
250-8BITMIME
250-STARTTLS
250-ENHANCEDSTATUSCODES
250-PIPELINING
250-CHUNKING
250 SMTPUTF8

2026-05-21 04:36:23 [1] CLIENT -> SERVER: STARTTLS

2026-05-21 04:36:24 [2] SERVER -> CLIENT: 220 2.0.0 Ready to start TLS

2026-05-21 04:36:24 [1] CLIENT -> SERVER: EHLO localhost

2026-05-21 04:36:24 [2] SERVER -> CLIENT: 250-smtp.gmail.com at your service, [103.113.116.162]
250-SIZE 35882577
250-8BITMIME
250-AUTH LOGIN PLAIN XOAUTH2 PLAIN-CLIENTTOKEN OAUTHBEARER XOAUTH
250-ENHANCEDSTATUSCODES
250-PIPELINING
250-CHUNKING
250 SMTPUTF8

2026-05-21 04:36:24 [1] CLIENT -> SERVER: AUTH LOGIN

2026-05-21 04:36:24 [2] SERVER -> CLIENT: 334 VXNlcm5hbWU6

2026-05-21 04:36:24 [1] CLIENT -> SERVER: [credentials hidden]
2026-05-21 04:36:24 [2] SERVER -> CLIENT: 334 UGFzc3dvcmQ6

2026-05-21 04:36:24 [1] CLIENT -> SERVER: [credentials hidden]
2026-05-21 04:36:25 [2] SERVER -> CLIENT: 235 2.7.0 Accepted

2026-05-21 04:36:25 [1] CLIENT -> SERVER: MAIL FROM:<no-reply@permatabiru.com>

2026-05-21 04:36:25 [2] SERVER -> CLIENT: 250 2.1.0 OK d9443c01a7336-2bd5bd5ef27sm301381565ad.8 - gsmtp

2026-05-21 04:36:25 [1] CLIENT -> SERVER: RCPT TO:<kyiotaro7@gmail.com>

2026-05-21 04:36:25 [2] SERVER -> CLIENT: 250 2.1.5 OK d9443c01a7336-2bd5bd5ef27sm301381565ad.8 - gsmtp

2026-05-21 04:36:25 [1] CLIENT -> SERVER: DATA

2026-05-21 04:36:25 [2] SERVER -> CLIENT: 354 Go ahead d9443c01a7336-2bd5bd5ef27sm301381565ad.8 - gsmtp

2026-05-21 04:36:25 [1] CLIENT -> SERVER: Date: Thu, 21 May 2026 04:36:21 +0200

2026-05-21 04:36:25 [1] CLIENT -> SERVER: To: kyiotaro7@gmail.com

2026-05-21 04:36:25 [1] CLIENT -> SERVER: From: Permata Biru Nusantara <no-reply@permatabiru.com>

2026-05-21 04:36:25 [1] CLIENT -> SERVER: Subject: Kode OTP Login Admin

2026-05-21 04:36:25 [1] CLIENT -> SERVER: Message-ID: <jZOTsndh6u02KlIRLDHXk7kqryJ9vDpR3AJnBSls66M@localhost>

2026-05-21 04:36:25 [1] CLIENT -> SERVER: X-Mailer: PHPMailer 7.1.1 (https://github.com/PHPMailer/PHPMailer)

2026-05-21 04:36:25 [1] CLIENT -> SERVER: MIME-Version: 1.0

2026-05-21 04:36:25 [1] CLIENT -> SERVER: Content-Type: text/html; charset=iso-8859-1

2026-05-21 04:36:25 [1] CLIENT -> SERVER: 

2026-05-21 04:36:25 [1] CLIENT -> SERVER: Kode OTP Anda adalah: <b>839082</b><br>Kode ini berlaku selama 5 menit.

2026-05-21 04:36:25 [1] CLIENT -> SERVER: 

2026-05-21 04:36:25 [1] CLIENT -> SERVER: .

2026-05-21 04:36:26 [2] SERVER -> CLIENT: 250 2.0.0 OK  1779330986 d9443c01a7336-2bd5bd5ef27sm301381565ad.8 - gsmtp

2026-05-21 04:36:26 [1] CLIENT -> SERVER: QUIT

2026-05-21 04:36:26 [2] SERVER -> CLIENT: 221 2.0.0 closing connection d9443c01a7336-2bd5bd5ef27sm301381565ad.8 - gsmtp

2026-05-21 04:39:05 [2] SERVER -> CLIENT: 220 smtp.gmail.com ESMTP 41be03b00d2f7-c82bb116832sm20943661a12.24 - gsmtp

2026-05-21 04:39:05 [1] CLIENT -> SERVER: EHLO localhost

2026-05-21 04:39:05 [2] SERVER -> CLIENT: 250-smtp.gmail.com at your service, [103.113.116.162]
250-SIZE 35882577
250-8BITMIME
250-STARTTLS
250-ENHANCEDSTATUSCODES
250-PIPELINING
250-CHUNKING
250 SMTPUTF8

2026-05-21 04:39:05 [1] CLIENT -> SERVER: STARTTLS

2026-05-21 04:39:05 [2] SERVER -> CLIENT: 220 2.0.0 Ready to start TLS

2026-05-21 04:39:05 [1] CLIENT -> SERVER: EHLO localhost

2026-05-21 04:39:05 [2] SERVER -> CLIENT: 250-smtp.gmail.com at your service, [103.113.116.162]
250-SIZE 35882577
250-8BITMIME
250-AUTH LOGIN PLAIN XOAUTH2 PLAIN-CLIENTTOKEN OAUTHBEARER XOAUTH
250-ENHANCEDSTATUSCODES
250-PIPELINING
250-CHUNKING
250 SMTPUTF8

2026-05-21 04:39:05 [1] CLIENT -> SERVER: AUTH LOGIN

2026-05-21 04:39:06 [2] SERVER -> CLIENT: 334 VXNlcm5hbWU6

2026-05-21 04:39:06 [1] CLIENT -> SERVER: [credentials hidden]
2026-05-21 04:39:06 [2] SERVER -> CLIENT: 334 UGFzc3dvcmQ6

2026-05-21 04:39:06 [1] CLIENT -> SERVER: [credentials hidden]
2026-05-21 04:39:06 [2] SERVER -> CLIENT: 235 2.7.0 Accepted

2026-05-21 04:39:06 [1] CLIENT -> SERVER: MAIL FROM:<no-reply@permatabiru.com>

2026-05-21 04:39:06 [2] SERVER -> CLIENT: 250 2.1.0 OK 41be03b00d2f7-c82bb116832sm20943661a12.24 - gsmtp

2026-05-21 04:39:06 [1] CLIENT -> SERVER: RCPT TO:<kyiotaro7@gmail.com>

2026-05-21 04:39:06 [2] SERVER -> CLIENT: 250 2.1.5 OK 41be03b00d2f7-c82bb116832sm20943661a12.24 - gsmtp

2026-05-21 04:39:06 [1] CLIENT -> SERVER: DATA

2026-05-21 04:39:07 [2] SERVER -> CLIENT: 354 Go ahead 41be03b00d2f7-c82bb116832sm20943661a12.24 - gsmtp

2026-05-21 04:39:07 [1] CLIENT -> SERVER: Date: Thu, 21 May 2026 04:39:03 +0200

2026-05-21 04:39:07 [1] CLIENT -> SERVER: To: kyiotaro7@gmail.com

2026-05-21 04:39:07 [1] CLIENT -> SERVER: From: Permata Biru Nusantara <no-reply@permatabiru.com>

2026-05-21 04:39:07 [1] CLIENT -> SERVER: Subject: Kode OTP Login Admin

2026-05-21 04:39:07 [1] CLIENT -> SERVER: Message-ID: <88kIIX9uSrvFiURjlOXIoKx3s622zR88giTToMhTzVE@localhost>

2026-05-21 04:39:07 [1] CLIENT -> SERVER: X-Mailer: PHPMailer 7.1.1 (https://github.com/PHPMailer/PHPMailer)

2026-05-21 04:39:07 [1] CLIENT -> SERVER: MIME-Version: 1.0

2026-05-21 04:39:07 [1] CLIENT -> SERVER: Content-Type: text/html; charset=iso-8859-1

2026-05-21 04:39:07 [1] CLIENT -> SERVER: 

2026-05-21 04:39:07 [1] CLIENT -> SERVER: Kode OTP Anda adalah: <b>728639</b><br>Kode ini berlaku selama 5 menit.

2026-05-21 04:39:07 [1] CLIENT -> SERVER: 

2026-05-21 04:39:07 [1] CLIENT -> SERVER: .

2026-05-21 04:39:07 [2] SERVER -> CLIENT: 250 2.0.0 OK  1779331147 41be03b00d2f7-c82bb116832sm20943661a12.24 - gsmtp

2026-05-21 04:39:07 [1] CLIENT -> SERVER: QUIT

2026-05-21 04:39:07 [2] SERVER -> CLIENT: 221 2.0.0 closing connection 41be03b00d2f7-c82bb116832sm20943661a12.24 - gsmtp

2026-05-22 01:40:57 [2] SERVER -> CLIENT: 220 smtp.gmail.com ESMTP 98e67ed59e1d1-36a67c4afc6sm206763a91.5 - gsmtp

2026-05-22 01:40:57 [1] CLIENT -> SERVER: EHLO localhost

2026-05-22 01:40:57 [2] SERVER -> CLIENT: 250-smtp.gmail.com at your service, [103.113.116.162]
250-SIZE 35882577
250-8BITMIME
250-STARTTLS
250-ENHANCEDSTATUSCODES
250-PIPELINING
250-CHUNKING
250 SMTPUTF8

2026-05-22 01:40:57 [1] CLIENT -> SERVER: STARTTLS

2026-05-22 01:40:58 [2] SERVER -> CLIENT: 220 2.0.0 Ready to start TLS

2026-05-22 01:40:58 [1] CLIENT -> SERVER: EHLO localhost

2026-05-22 01:40:58 [2] SERVER -> CLIENT: 250-smtp.gmail.com at your service, [103.113.116.162]
250-SIZE 35882577
250-8BITMIME
250-AUTH LOGIN PLAIN XOAUTH2 PLAIN-CLIENTTOKEN OAUTHBEARER XOAUTH
250-ENHANCEDSTATUSCODES
250-PIPELINING
250-CHUNKING
250 SMTPUTF8

2026-05-22 01:40:58 [1] CLIENT -> SERVER: AUTH LOGIN

2026-05-22 01:40:58 [2] SERVER -> CLIENT: 334 VXNlcm5hbWU6

2026-05-22 01:40:58 [1] CLIENT -> SERVER: [credentials hidden]
2026-05-22 01:40:59 [2] SERVER -> CLIENT: 334 UGFzc3dvcmQ6

2026-05-22 01:40:59 [1] CLIENT -> SERVER: [credentials hidden]
2026-05-22 01:40:59 [2] SERVER -> CLIENT: 235 2.7.0 Accepted

2026-05-22 01:40:59 [1] CLIENT -> SERVER: MAIL FROM:<no-reply@permatabiru.com>

2026-05-22 01:40:59 [2] SERVER -> CLIENT: 250 2.1.0 OK 98e67ed59e1d1-36a67c4afc6sm206763a91.5 - gsmtp

2026-05-22 01:40:59 [1] CLIENT -> SERVER: RCPT TO:<kyiotaro7@gmail.com>

2026-05-22 01:40:59 [2] SERVER -> CLIENT: 250 2.1.5 OK 98e67ed59e1d1-36a67c4afc6sm206763a91.5 - gsmtp

2026-05-22 01:40:59 [1] CLIENT -> SERVER: DATA

2026-05-22 01:41:00 [2] SERVER -> CLIENT: 354 Go ahead 98e67ed59e1d1-36a67c4afc6sm206763a91.5 - gsmtp

2026-05-22 01:41:00 [1] CLIENT -> SERVER: Date: Fri, 22 May 2026 01:40:56 +0200

2026-05-22 01:41:00 [1] CLIENT -> SERVER: To: kyiotaro7@gmail.com

2026-05-22 01:41:00 [1] CLIENT -> SERVER: From: Permata Biru Nusantara <no-reply@permatabiru.com>

2026-05-22 01:41:00 [1] CLIENT -> SERVER: Subject: Kode OTP Login Admin

2026-05-22 01:41:00 [1] CLIENT -> SERVER: Message-ID: <4FEiUBZ4CDtQn3gTW1STYo2vSGGn390XdSNkrZo@localhost>

2026-05-22 01:41:00 [1] CLIENT -> SERVER: X-Mailer: PHPMailer 7.1.1 (https://github.com/PHPMailer/PHPMailer)

2026-05-22 01:41:00 [1] CLIENT -> SERVER: MIME-Version: 1.0

2026-05-22 01:41:00 [1] CLIENT -> SERVER: Content-Type: text/html; charset=iso-8859-1

2026-05-22 01:41:00 [1] CLIENT -> SERVER: 

2026-05-22 01:41:00 [1] CLIENT -> SERVER: Kode OTP Anda adalah: <b>317167</b><br>Kode ini berlaku selama 5 menit.

2026-05-22 01:41:00 [1] CLIENT -> SERVER: 

2026-05-22 01:41:00 [1] CLIENT -> SERVER: .

2026-05-22 01:41:00 [2] SERVER -> CLIENT: 250 2.0.0 OK  1779406862 98e67ed59e1d1-36a67c4afc6sm206763a91.5 - gsmtp

2026-05-22 01:41:00 [1] CLIENT -> SERVER: QUIT

2026-05-22 01:41:00 [2] SERVER -> CLIENT: 221 2.0.0 closing connection 98e67ed59e1d1-36a67c4afc6sm206763a91.5 - gsmtp

2026-05-22 04:17:23 [2] SERVER -> CLIENT: 220 smtp.gmail.com ESMTP d9443c01a7336-2beb114b3b3sm5873805ad.39 - gsmtp

2026-05-22 04:17:23 [1] CLIENT -> SERVER: EHLO localhost

2026-05-22 04:17:23 [2] SERVER -> CLIENT: 250-smtp.gmail.com at your service, [103.113.116.162]
250-SIZE 35882577
250-8BITMIME
250-STARTTLS
250-ENHANCEDSTATUSCODES
250-PIPELINING
250-CHUNKING
250 SMTPUTF8

2026-05-22 04:17:23 [1] CLIENT -> SERVER: STARTTLS

2026-05-22 04:17:23 [2] SERVER -> CLIENT: 220 2.0.0 Ready to start TLS

2026-05-22 04:17:23 [1] CLIENT -> SERVER: EHLO localhost

2026-05-22 04:17:23 [2] SERVER -> CLIENT: 250-smtp.gmail.com at your service, [103.113.116.162]
250-SIZE 35882577
250-8BITMIME
250-AUTH LOGIN PLAIN XOAUTH2 PLAIN-CLIENTTOKEN OAUTHBEARER XOAUTH
250-ENHANCEDSTATUSCODES
250-PIPELINING
250-CHUNKING
250 SMTPUTF8

2026-05-22 04:17:23 [1] CLIENT -> SERVER: AUTH LOGIN

2026-05-22 04:17:24 [2] SERVER -> CLIENT: 334 VXNlcm5hbWU6

2026-05-22 04:17:24 [1] CLIENT -> SERVER: [credentials hidden]
2026-05-22 04:17:24 [2] SERVER -> CLIENT: 334 UGFzc3dvcmQ6

2026-05-22 04:17:24 [1] CLIENT -> SERVER: [credentials hidden]
2026-05-22 04:17:24 [2] SERVER -> CLIENT: 235 2.7.0 Accepted

2026-05-22 04:17:24 [1] CLIENT -> SERVER: MAIL FROM:<no-reply@permatabiru.com>

2026-05-22 04:17:24 [2] SERVER -> CLIENT: 250 2.1.0 OK d9443c01a7336-2beb114b3b3sm5873805ad.39 - gsmtp

2026-05-22 04:17:24 [1] CLIENT -> SERVER: RCPT TO:<ngobrolaja12@gmail.com>

2026-05-22 04:17:24 [2] SERVER -> CLIENT: 250 2.1.5 OK d9443c01a7336-2beb114b3b3sm5873805ad.39 - gsmtp

2026-05-22 04:17:24 [1] CLIENT -> SERVER: DATA

2026-05-22 04:17:25 [2] SERVER -> CLIENT: 354 Go ahead d9443c01a7336-2beb114b3b3sm5873805ad.39 - gsmtp

2026-05-22 04:17:25 [1] CLIENT -> SERVER: Date: Fri, 22 May 2026 04:17:21 +0200

2026-05-22 04:17:25 [1] CLIENT -> SERVER: To: ngobrolaja12@gmail.com

2026-05-22 04:17:25 [1] CLIENT -> SERVER: From: Permata Biru Nusantara <no-reply@permatabiru.com>

2026-05-22 04:17:25 [1] CLIENT -> SERVER: Subject: Kode OTP Login Admin

2026-05-22 04:17:25 [1] CLIENT -> SERVER: Message-ID: <trkQ4dPH08NP6skGCdzmimcn3Dsw1pRuatDPbU2A@localhost>

2026-05-22 04:17:25 [1] CLIENT -> SERVER: X-Mailer: PHPMailer 7.1.1 (https://github.com/PHPMailer/PHPMailer)

2026-05-22 04:17:25 [1] CLIENT -> SERVER: MIME-Version: 1.0

2026-05-22 04:17:25 [1] CLIENT -> SERVER: Content-Type: text/html; charset=iso-8859-1

2026-05-22 04:17:25 [1] CLIENT -> SERVER: 

2026-05-22 04:17:25 [1] CLIENT -> SERVER: Kode OTP Anda adalah: <b>904296</b><br>Kode ini berlaku selama 5 menit.

2026-05-22 04:17:25 [1] CLIENT -> SERVER: 

2026-05-22 04:17:25 [1] CLIENT -> SERVER: .

2026-05-22 04:17:25 [2] SERVER -> CLIENT: 250 2.0.0 OK  1779416247 d9443c01a7336-2beb114b3b3sm5873805ad.39 - gsmtp

2026-05-22 04:17:25 [1] CLIENT -> SERVER: QUIT

2026-05-22 04:17:25 [2] SERVER -> CLIENT: 221 2.0.0 closing connection d9443c01a7336-2beb114b3b3sm5873805ad.39 - gsmtp

2026-05-22 05:45:19 [1] SMTP ERROR: Failed to connect to server: php_network_getaddresses: getaddrinfo failed: No such host is known.  (0)
2026-05-22 05:45:19 [2] SMTP Error: Could not connect to SMTP host. Failed to connect to server
2026-05-22 05:46:47 [2] SERVER -> CLIENT: 220 smtp.gmail.com ESMTP d2e1a72fcca58-84164b1af1csm391173b3a.27 - gsmtp

2026-05-22 05:46:47 [1] CLIENT -> SERVER: EHLO localhost

2026-05-22 05:46:47 [2] SERVER -> CLIENT: 250-smtp.gmail.com at your service, [103.113.116.162]
250-SIZE 35882577
250-8BITMIME
250-STARTTLS
250-ENHANCEDSTATUSCODES
250-PIPELINING
250-CHUNKING
250 SMTPUTF8

2026-05-22 05:46:47 [1] CLIENT -> SERVER: STARTTLS

2026-05-22 05:46:48 [2] SERVER -> CLIENT: 220 2.0.0 Ready to start TLS

2026-05-22 05:46:48 [1] CLIENT -> SERVER: EHLO localhost

2026-05-22 05:46:48 [2] SERVER -> CLIENT: 250-smtp.gmail.com at your service, [103.113.116.162]
250-SIZE 35882577
250-8BITMIME
250-AUTH LOGIN PLAIN XOAUTH2 PLAIN-CLIENTTOKEN OAUTHBEARER XOAUTH
250-ENHANCEDSTATUSCODES
250-PIPELINING
250-CHUNKING
250 SMTPUTF8

2026-05-22 05:46:48 [1] CLIENT -> SERVER: AUTH LOGIN

2026-05-22 05:46:48 [2] SERVER -> CLIENT: 334 VXNlcm5hbWU6

2026-05-22 05:46:48 [1] CLIENT -> SERVER: [credentials hidden]
2026-05-22 05:46:48 [2] SERVER -> CLIENT: 334 UGFzc3dvcmQ6

2026-05-22 05:46:48 [1] CLIENT -> SERVER: [credentials hidden]
2026-05-22 05:46:49 [2] SERVER -> CLIENT: 235 2.7.0 Accepted

2026-05-22 05:46:49 [1] CLIENT -> SERVER: MAIL FROM:<no-reply@permatabiru.com>

2026-05-22 05:46:49 [2] SERVER -> CLIENT: 250 2.1.0 OK d2e1a72fcca58-84164b1af1csm391173b3a.27 - gsmtp

2026-05-22 05:46:49 [1] CLIENT -> SERVER: RCPT TO:<kyiotaro7@gmail.com>

2026-05-22 05:46:49 [2] SERVER -> CLIENT: 250 2.1.5 OK d2e1a72fcca58-84164b1af1csm391173b3a.27 - gsmtp

2026-05-22 05:46:49 [1] CLIENT -> SERVER: DATA

2026-05-22 05:46:49 [2] SERVER -> CLIENT: 354 Go ahead d2e1a72fcca58-84164b1af1csm391173b3a.27 - gsmtp

2026-05-22 05:46:49 [1] CLIENT -> SERVER: Date: Fri, 22 May 2026 05:46:46 +0200

2026-05-22 05:46:49 [1] CLIENT -> SERVER: To: kyiotaro7@gmail.com

2026-05-22 05:46:49 [1] CLIENT -> SERVER: From: Permata Biru Nusantara <no-reply@permatabiru.com>

2026-05-22 05:46:49 [1] CLIENT -> SERVER: Subject: Kode OTP Login Admin

2026-05-22 05:46:49 [1] CLIENT -> SERVER: Message-ID: <PPJRUGNhVlKkdxBuOBREzrzcfmjBKRVGduUjdLfY@localhost>

2026-05-22 05:46:49 [1] CLIENT -> SERVER: X-Mailer: PHPMailer 7.1.1 (https://github.com/PHPMailer/PHPMailer)

2026-05-22 05:46:49 [1] CLIENT -> SERVER: MIME-Version: 1.0

2026-05-22 05:46:49 [1] CLIENT -> SERVER: Content-Type: text/html; charset=iso-8859-1

2026-05-22 05:46:49 [1] CLIENT -> SERVER: 

2026-05-22 05:46:49 [1] CLIENT -> SERVER: Kode OTP Anda adalah: <b>490052</b><br>Kode ini berlaku selama 5 menit.

2026-05-22 05:46:49 [1] CLIENT -> SERVER: 

2026-05-22 05:46:49 [1] CLIENT -> SERVER: .

2026-05-22 05:46:50 [2] SERVER -> CLIENT: 250 2.0.0 OK  1779421610 d2e1a72fcca58-84164b1af1csm391173b3a.27 - gsmtp

2026-05-22 05:46:50 [1] CLIENT -> SERVER: QUIT

2026-05-22 05:46:50 [2] SERVER -> CLIENT: 221 2.0.0 closing connection d2e1a72fcca58-84164b1af1csm391173b3a.27 - gsmtp

2026-05-22 14:28:15 [2] SERVER -> CLIENT: 220 smtp.gmail.com ESMTP d9443c01a7336-2beb58b3cb3sm17639575ad.40 - gsmtp

2026-05-22 14:28:15 [1] CLIENT -> SERVER: EHLO localhost

2026-05-22 14:28:15 [2] SERVER -> CLIENT: 250-smtp.gmail.com at your service, [103.203.232.54]
250-SIZE 35882577
250-8BITMIME
250-STARTTLS
250-ENHANCEDSTATUSCODES
250-PIPELINING
250-CHUNKING
250 SMTPUTF8

2026-05-22 14:28:15 [1] CLIENT -> SERVER: STARTTLS

2026-05-22 14:28:16 [2] SERVER -> CLIENT: 220 2.0.0 Ready to start TLS

2026-05-22 14:28:16 [1] CLIENT -> SERVER: EHLO localhost

2026-05-22 14:28:16 [2] SERVER -> CLIENT: 250-smtp.gmail.com at your service, [103.203.232.54]
250-SIZE 35882577
250-8BITMIME
250-AUTH LOGIN PLAIN XOAUTH2 PLAIN-CLIENTTOKEN OAUTHBEARER XOAUTH
250-ENHANCEDSTATUSCODES
250-PIPELINING
250-CHUNKING
250 SMTPUTF8

2026-05-22 14:28:16 [1] CLIENT -> SERVER: AUTH LOGIN

2026-05-22 14:28:16 [2] SERVER -> CLIENT: 334 VXNlcm5hbWU6

2026-05-22 14:28:16 [1] CLIENT -> SERVER: [credentials hidden]
2026-05-22 14:28:16 [2] SERVER -> CLIENT: 334 UGFzc3dvcmQ6

2026-05-22 14:28:16 [1] CLIENT -> SERVER: [credentials hidden]
2026-05-22 14:28:16 [2] SERVER -> CLIENT: 235 2.7.0 Accepted

2026-05-22 14:28:16 [1] CLIENT -> SERVER: MAIL FROM:<no-reply@permatabiru.com>

2026-05-22 14:28:17 [2] SERVER -> CLIENT: 250 2.1.0 OK d9443c01a7336-2beb58b3cb3sm17639575ad.40 - gsmtp

2026-05-22 14:28:17 [1] CLIENT -> SERVER: RCPT TO:<kyiotaro7@gmail.com>

2026-05-22 14:28:17 [2] SERVER -> CLIENT: 250 2.1.5 OK d9443c01a7336-2beb58b3cb3sm17639575ad.40 - gsmtp

2026-05-22 14:28:17 [1] CLIENT -> SERVER: DATA

2026-05-22 14:28:17 [2] SERVER -> CLIENT: 354 Go ahead d9443c01a7336-2beb58b3cb3sm17639575ad.40 - gsmtp

2026-05-22 14:28:17 [1] CLIENT -> SERVER: Date: Fri, 22 May 2026 14:28:12 +0200

2026-05-22 14:28:17 [1] CLIENT -> SERVER: To: kyiotaro7@gmail.com

2026-05-22 14:28:17 [1] CLIENT -> SERVER: From: Permata Biru Nusantara <no-reply@permatabiru.com>

2026-05-22 14:28:17 [1] CLIENT -> SERVER: Subject: Kode OTP Login Admin

2026-05-22 14:28:17 [1] CLIENT -> SERVER: Message-ID: <ZBny1UgTy63aKBJKbFGaekiepaGM22xeQTL8GClYy6Q@localhost>

2026-05-22 14:28:17 [1] CLIENT -> SERVER: X-Mailer: PHPMailer 7.1.1 (https://github.com/PHPMailer/PHPMailer)

2026-05-22 14:28:17 [1] CLIENT -> SERVER: MIME-Version: 1.0

2026-05-22 14:28:17 [1] CLIENT -> SERVER: Content-Type: text/html; charset=iso-8859-1

2026-05-22 14:28:17 [1] CLIENT -> SERVER: 

2026-05-22 14:28:17 [1] CLIENT -> SERVER: Kode OTP Anda adalah: <b>730328</b><br>Kode ini berlaku selama 5 menit.

2026-05-22 14:28:17 [1] CLIENT -> SERVER: 

2026-05-22 14:28:17 [1] CLIENT -> SERVER: .

2026-05-22 14:28:18 [2] SERVER -> CLIENT: 250 2.0.0 OK  1779452898 d9443c01a7336-2beb58b3cb3sm17639575ad.40 - gsmtp

2026-05-22 14:28:18 [1] CLIENT -> SERVER: QUIT

2026-05-22 14:28:18 [2] SERVER -> CLIENT: 221 2.0.0 closing connection d9443c01a7336-2beb58b3cb3sm17639575ad.40 - gsmtp

2026-05-22 14:44:29 [2] SERVER -> CLIENT: 220 smtp.gmail.com ESMTP d9443c01a7336-2beb58c69a0sm15953025ad.59 - gsmtp

2026-05-22 14:44:29 [1] CLIENT -> SERVER: EHLO localhost

2026-05-22 14:44:30 [2] SERVER -> CLIENT: 250-smtp.gmail.com at your service, [103.203.232.54]
250-SIZE 35882577
250-8BITMIME
250-STARTTLS
250-ENHANCEDSTATUSCODES
250-PIPELINING
250-CHUNKING
250 SMTPUTF8

2026-05-22 14:44:30 [1] CLIENT -> SERVER: STARTTLS

2026-05-22 14:44:30 [2] SERVER -> CLIENT: 220 2.0.0 Ready to start TLS

2026-05-22 14:44:30 [1] CLIENT -> SERVER: EHLO localhost

2026-05-22 14:44:30 [2] SERVER -> CLIENT: 250-smtp.gmail.com at your service, [103.203.232.54]
250-SIZE 35882577
250-8BITMIME
250-AUTH LOGIN PLAIN XOAUTH2 PLAIN-CLIENTTOKEN OAUTHBEARER XOAUTH
250-ENHANCEDSTATUSCODES
250-PIPELINING
250-CHUNKING
250 SMTPUTF8

2026-05-22 14:44:30 [1] CLIENT -> SERVER: AUTH LOGIN

2026-05-22 14:44:30 [2] SERVER -> CLIENT: 334 VXNlcm5hbWU6

2026-05-22 14:44:30 [1] CLIENT -> SERVER: [credentials hidden]
2026-05-22 14:44:30 [2] SERVER -> CLIENT: 334 UGFzc3dvcmQ6

2026-05-22 14:44:30 [1] CLIENT -> SERVER: [credentials hidden]
2026-05-22 14:44:31 [2] SERVER -> CLIENT: 235 2.7.0 Accepted

2026-05-22 14:44:31 [1] CLIENT -> SERVER: MAIL FROM:<no-reply@permatabiru.com>

2026-05-22 14:44:31 [2] SERVER -> CLIENT: 250 2.1.0 OK d9443c01a7336-2beb58c69a0sm15953025ad.59 - gsmtp

2026-05-22 14:44:31 [1] CLIENT -> SERVER: RCPT TO:<kyiotaro7@gmail.com>

2026-05-22 14:44:31 [2] SERVER -> CLIENT: 250 2.1.5 OK d9443c01a7336-2beb58c69a0sm15953025ad.59 - gsmtp

2026-05-22 14:44:31 [1] CLIENT -> SERVER: DATA

2026-05-22 14:44:31 [2] SERVER -> CLIENT: 354 Go ahead d9443c01a7336-2beb58c69a0sm15953025ad.59 - gsmtp

2026-05-22 14:44:31 [1] CLIENT -> SERVER: Date: Fri, 22 May 2026 14:44:26 +0200

2026-05-22 14:44:31 [1] CLIENT -> SERVER: To: kyiotaro7@gmail.com

2026-05-22 14:44:31 [1] CLIENT -> SERVER: From: Permata Biru Nusantara <no-reply@permatabiru.com>

2026-05-22 14:44:31 [1] CLIENT -> SERVER: Subject: Kode OTP Login Admin

2026-05-22 14:44:31 [1] CLIENT -> SERVER: Message-ID: <6tLuY7aCCU9YfBwben158O3FZNVxHjFqdJcslpgMtY@localhost>

2026-05-22 14:44:31 [1] CLIENT -> SERVER: X-Mailer: PHPMailer 7.1.1 (https://github.com/PHPMailer/PHPMailer)

2026-05-22 14:44:31 [1] CLIENT -> SERVER: MIME-Version: 1.0

2026-05-22 14:44:31 [1] CLIENT -> SERVER: Content-Type: text/html; charset=iso-8859-1

2026-05-22 14:44:31 [1] CLIENT -> SERVER: 

2026-05-22 14:44:31 [1] CLIENT -> SERVER: Kode OTP Anda adalah: <b>754164</b><br>Kode ini berlaku selama 5 menit.

2026-05-22 14:44:31 [1] CLIENT -> SERVER: 

2026-05-22 14:44:31 [1] CLIENT -> SERVER: .

2026-05-22 14:44:32 [2] SERVER -> CLIENT: 250 2.0.0 OK  1779453873 d9443c01a7336-2beb58c69a0sm15953025ad.59 - gsmtp

2026-05-22 14:44:32 [1] CLIENT -> SERVER: QUIT

2026-05-22 14:44:32 [2] SERVER -> CLIENT: 221 2.0.0 closing connection d9443c01a7336-2beb58c69a0sm15953025ad.59 - gsmtp

2026-05-22 14:58:39 [2] SERVER -> CLIENT: 220 smtp.gmail.com ESMTP d9443c01a7336-2beb5695a40sm15764765ad.17 - gsmtp

2026-05-22 14:58:39 [1] CLIENT -> SERVER: EHLO localhost

2026-05-22 14:58:39 [2] SERVER -> CLIENT: 250-smtp.gmail.com at your service, [103.203.232.54]
250-SIZE 35882577
250-8BITMIME
250-STARTTLS
250-ENHANCEDSTATUSCODES
250-PIPELINING
250-CHUNKING
250 SMTPUTF8

2026-05-22 14:58:39 [1] CLIENT -> SERVER: STARTTLS

2026-05-22 14:58:39 [2] SERVER -> CLIENT: 220 2.0.0 Ready to start TLS

2026-05-22 14:58:40 [1] CLIENT -> SERVER: EHLO localhost

2026-05-22 14:58:40 [2] SERVER -> CLIENT: 250-smtp.gmail.com at your service, [103.203.232.54]
250-SIZE 35882577
250-8BITMIME
250-AUTH LOGIN PLAIN XOAUTH2 PLAIN-CLIENTTOKEN OAUTHBEARER XOAUTH
250-ENHANCEDSTATUSCODES
250-PIPELINING
250-CHUNKING
250 SMTPUTF8

2026-05-22 14:58:40 [1] CLIENT -> SERVER: AUTH LOGIN

2026-05-22 14:58:40 [2] SERVER -> CLIENT: 334 VXNlcm5hbWU6

2026-05-22 14:58:40 [1] CLIENT -> SERVER: [credentials hidden]
2026-05-22 14:58:40 [2] SERVER -> CLIENT: 334 UGFzc3dvcmQ6

2026-05-22 14:58:40 [1] CLIENT -> SERVER: [credentials hidden]
2026-05-22 14:58:40 [2] SERVER -> CLIENT: 235 2.7.0 Accepted

2026-05-22 14:58:40 [1] CLIENT -> SERVER: MAIL FROM:<no-reply@permatabiru.com>

2026-05-22 14:58:41 [2] SERVER -> CLIENT: 250 2.1.0 OK d9443c01a7336-2beb5695a40sm15764765ad.17 - gsmtp

2026-05-22 14:58:41 [1] CLIENT -> SERVER: RCPT TO:<kyiotaro7@gmail.com>

2026-05-22 14:58:41 [2] SERVER -> CLIENT: 250 2.1.5 OK d9443c01a7336-2beb5695a40sm15764765ad.17 - gsmtp

2026-05-22 14:58:41 [1] CLIENT -> SERVER: DATA

2026-05-22 14:58:41 [2] SERVER -> CLIENT: 354 Go ahead d9443c01a7336-2beb5695a40sm15764765ad.17 - gsmtp

2026-05-22 14:58:41 [1] CLIENT -> SERVER: Date: Fri, 22 May 2026 14:58:37 +0200

2026-05-22 14:58:41 [1] CLIENT -> SERVER: To: kyiotaro7@gmail.com

2026-05-22 14:58:41 [1] CLIENT -> SERVER: From: Permata Biru Nusantara <no-reply@permatabiru.com>

2026-05-22 14:58:41 [1] CLIENT -> SERVER: Subject: Kode OTP Login Admin

2026-05-22 14:58:41 [1] CLIENT -> SERVER: Message-ID: <BAV7CV8K4wsgCt1S8Vr9BRJzZ32yRxjVfaim2uLbIrM@localhost>

2026-05-22 14:58:41 [1] CLIENT -> SERVER: X-Mailer: PHPMailer 7.1.1 (https://github.com/PHPMailer/PHPMailer)

2026-05-22 14:58:41 [1] CLIENT -> SERVER: MIME-Version: 1.0

2026-05-22 14:58:41 [1] CLIENT -> SERVER: Content-Type: text/html; charset=iso-8859-1

2026-05-22 14:58:41 [1] CLIENT -> SERVER: 

2026-05-22 14:58:41 [1] CLIENT -> SERVER: Kode OTP Anda adalah: <b>881564</b><br>Kode ini berlaku selama 5 menit.

2026-05-22 14:58:41 [1] CLIENT -> SERVER: 

2026-05-22 14:58:41 [1] CLIENT -> SERVER: .

2026-05-22 14:58:42 [2] SERVER -> CLIENT: 250 2.0.0 OK  1779454722 d9443c01a7336-2beb5695a40sm15764765ad.17 - gsmtp

2026-05-22 14:58:42 [1] CLIENT -> SERVER: QUIT

2026-05-22 14:58:42 [2] SERVER -> CLIENT: 221 2.0.0 closing connection d9443c01a7336-2beb5695a40sm15764765ad.17 - gsmtp

